d:\늑대\homo academicus\ystudy on code - python\python with cncpp\pyd+\ynumrecipe\debug\ynumrecipe.pch
d:\늑대\homo academicus\ystudy on code - python\python with cncpp\pyd+\ynumrecipe\debug\vc140.pdb
d:\늑대\homo academicus\ystudy on code - python\python with cncpp\pyd+\ynumrecipe\debug\vc140.idb
d:\늑대\homo academicus\ystudy on code - python\python with cncpp\pyd+\ynumrecipe\debug\stdafx.obj
d:\늑대\homo academicus\ystudy on code - python\python with cncpp\pyd+\ynumrecipe\debug\yalloc.obj
d:\늑대\homo academicus\ystudy on code - python\python with cncpp\pyd+\ynumrecipe\debug\yany.obj
d:\늑대\homo academicus\ystudy on code - python\python with cncpp\pyd+\ynumrecipe\debug\ycore.obj
d:\늑대\homo academicus\ystudy on code - python\python with cncpp\pyd+\ynumrecipe\debug\yfile.obj
d:\늑대\homo academicus\ystudy on code - python\python with cncpp\pyd+\ynumrecipe\debug\ynr.obj
d:\늑대\homo academicus\ystudy on code - python\python with cncpp\pyd+\ynumrecipe\debug\ynr3.obj
d:\늑대\homo academicus\ystudy on code - python\python with cncpp\pyd+\ynumrecipe\debug\ynr4.obj
d:\늑대\homo academicus\ystudy on code - python\python with cncpp\pyd+\ynumrecipe\debug\ynrecipe.obj
d:\늑대\homo academicus\ystudy on code - python\python with cncpp\pyd+\ynumrecipe\debug\ynumrecipe.obj
d:\늑대\homo academicus\ystudy on code - python\python with cncpp\pyd+\ynumrecipe\debug\ystring.obj
d:\늑대\homo academicus\ystudy on code - python\python with cncpp\pyd+\debug\ynumrecipe.ilk
d:\늑대\homo academicus\ystudy on code - python\python with cncpp\pyd+\debug\ynumrecipe.exe
c:\windows\pcdrm\dump\20160327_nfd01.log
d:\늑대\homo academicus\ystudy on code - python\python with cncpp\pyd+\debug\ynumrecipe.pdb
d:\늑대\homo academicus\ystudy on code - python\python with cncpp\pyd+\ynumrecipe\debug\ynumrecipe.tlog\cl.command.1.tlog
d:\늑대\homo academicus\ystudy on code - python\python with cncpp\pyd+\ynumrecipe\debug\ynumrecipe.tlog\cl.read.1.tlog
d:\늑대\homo academicus\ystudy on code - python\python with cncpp\pyd+\ynumrecipe\debug\ynumrecipe.tlog\cl.write.1.tlog
d:\늑대\homo academicus\ystudy on code - python\python with cncpp\pyd+\ynumrecipe\debug\ynumrecipe.tlog\link.command.1.tlog
d:\늑대\homo academicus\ystudy on code - python\python with cncpp\pyd+\ynumrecipe\debug\ynumrecipe.tlog\link.read.1.tlog
d:\늑대\homo academicus\ystudy on code - python\python with cncpp\pyd+\ynumrecipe\debug\ynumrecipe.tlog\link.write.1.tlog
