d:\늑대\homo academicus\ystudy on code - python\python with cncpp\pyd\ynumrecipe\x64\debug\ynumrecipe.pch
d:\늑대\homo academicus\ystudy on code - python\python with cncpp\pyd\ynumrecipe\x64\debug\vc140.pdb
d:\늑대\homo academicus\ystudy on code - python\python with cncpp\pyd\ynumrecipe\x64\debug\vc140.idb
d:\늑대\homo academicus\ystudy on code - python\python with cncpp\pyd\ynumrecipe\x64\debug\stdafx.obj
d:\늑대\homo academicus\ystudy on code - python\python with cncpp\pyd\ynumrecipe\x64\debug\yalloc.obj
d:\늑대\homo academicus\ystudy on code - python\python with cncpp\pyd\ynumrecipe\x64\debug\yany.obj
d:\늑대\homo academicus\ystudy on code - python\python with cncpp\pyd\ynumrecipe\x64\debug\ycore.obj
d:\늑대\homo academicus\ystudy on code - python\python with cncpp\pyd\ynumrecipe\x64\debug\yfile.obj
d:\늑대\homo academicus\ystudy on code - python\python with cncpp\pyd\ynumrecipe\x64\debug\ynr.obj
d:\늑대\homo academicus\ystudy on code - python\python with cncpp\pyd\ynumrecipe\x64\debug\ynr2.obj
d:\늑대\homo academicus\ystudy on code - python\python with cncpp\pyd\ynumrecipe\x64\debug\ynr3.obj
d:\늑대\homo academicus\ystudy on code - python\python with cncpp\pyd\ynumrecipe\x64\debug\ynr4.obj
d:\늑대\homo academicus\ystudy on code - python\python with cncpp\pyd\ynumrecipe\x64\debug\ynrecipe.obj
d:\늑대\homo academicus\ystudy on code - python\python with cncpp\pyd\ynumrecipe\x64\debug\ynumrecipe.obj
d:\늑대\homo academicus\ystudy on code - python\python with cncpp\pyd\ynumrecipe\x64\debug\ystring.obj
d:\늑대\homo academicus\ystudy on code - python\python with cncpp\pyd\x64\debug\ynumrecipe.ilk
d:\늑대\homo academicus\ystudy on code - python\python with cncpp\pyd\x64\debug\ynumrecipe.exe
c:\windows\pcdrm\dump\20160331_nfd01.log
d:\늑대\homo academicus\ystudy on code - python\python with cncpp\pyd\x64\debug\ynumrecipe.pdb
d:\늑대\homo academicus\ystudy on code - python\python with cncpp\pyd\ynumrecipe\x64\debug\ynumrecipe.tlog\cl.command.1.tlog
d:\늑대\homo academicus\ystudy on code - python\python with cncpp\pyd\ynumrecipe\x64\debug\ynumrecipe.tlog\cl.read.1.tlog
d:\늑대\homo academicus\ystudy on code - python\python with cncpp\pyd\ynumrecipe\x64\debug\ynumrecipe.tlog\cl.write.1.tlog
d:\늑대\homo academicus\ystudy on code - python\python with cncpp\pyd\ynumrecipe\x64\debug\ynumrecipe.tlog\link.command.1.tlog
d:\늑대\homo academicus\ystudy on code - python\python with cncpp\pyd\ynumrecipe\x64\debug\ynumrecipe.tlog\link.read.1.tlog
d:\늑대\homo academicus\ystudy on code - python\python with cncpp\pyd\ynumrecipe\x64\debug\ynumrecipe.tlog\link.write.1.tlog
